// Jest Snapshot v1, https://goo.gl/fbAQLP

exports[`Component: Thumb should render 1`] = `
.c0 {
  cursor: pointer;
  width: 100%;
  height: 100%;
}

.c0 > div:last-of-type {
  width: 100%;
  height: 100%;
}

.c0:hover > div:first-of-type {
  visibility: visible;
  opacity: 1;
}

.c1 {
  width: 91%;
  height: 100%;
  position: absolute;
  left: 5%;
  top: 1%;
  z-index: 1;
  background-color: rgba(229,234,237,0.8);
  -webkit-transition: opacity 0.3s ease-out;
  transition: opacity 0.3s ease-out;
  visibility: hidden;
  opacity: 0;
  -webkit-transform: scale(0.9);
  -ms-transform: scale(0.9);
  transform: scale(0.9);
  display: -webkit-box;
  display: -webkit-flex;
  display: -ms-flexbox;
  display: flex;
  -webkit-box-pack: center;
  -webkit-justify-content: center;
  -ms-flex-pack: center;
  justify-content: center;
  -webkit-align-items: center;
  -webkit-box-align: center;
  -ms-flex-align: center;
  align-items: center;
}

.c2 {
  font-size: 1.3rem;
  text-transform: uppercase;
  font-weight: 400;
  color: #734359;
}

.c4 {
  width: 100%;
  height: 100%;
  max-width: 600px;
  border: 1px solid #C8C8C8;
}

.c3 {
  width: 100%;
  height: 100%;
  max-width: 600px;
  border: 1px solid #C8C8C8;
}

<a
  class="c0"
  href="/detail/3063284"
>
  <div
    class="c1"
  >
    <p
      class="c2"
    >
      flower
    </p>
  </div>
  <div
    class="LazyImage-Placeholder"
  >
    <img
      alt="flower"
      class="c3 c4"
      src="defaultThumb.png"
    />
  </div>
</a>
`;
