// Jest Snapshot v1, https://goo.gl/fbAQLP

exports[`Component: Pill should render 1`] = `
.c0 {
  font-size: 1.5rem;
  font-weight: 400;
  background-color: #A66885;
  color: #734359;
  border-radius: 8px;
  padding: 10px;
  width: 200px;
  display: -webkit-box;
  display: -webkit-flex;
  display: -ms-flexbox;
  display: flex;
  -webkit-box-pack: center;
  -webkit-justify-content: center;
  -ms-flex-pack: center;
  justify-content: center;
  -webkit-align-items: center;
  -webkit-box-align: center;
  -ms-flex-align: center;
  align-items: center;
  text-transform: capitalize;
}

@media only screen and (min-width:768px) {
  .c0 {
    width: auto;
  }
}

<h3
  class="c0"
>
  default pill
</h3>
`;
