// Jest Snapshot v1, https://goo.gl/fbAQLP

exports[`Component: Footer should render 1`] = `
.c0 {
  position: absolute;
  width: 100%;
  left: 0;
  bottom: 0;
  text-align: center;
  padding: 25px 0;
  background-color: #734359;
  display: -webkit-box;
  display: -webkit-flex;
  display: -ms-flexbox;
  display: flex;
  -webkit-box-pack: center;
  -webkit-justify-content: center;
  -ms-flex-pack: center;
  justify-content: center;
}

.c1 {
  color: #F2C1AE;
  font-size: 0.7rem;
}

.c1:not(:first-of-type) {
  margin-left: 5px;
}

.c1:not(:last-of-type):after {
  content: ' | ';
  margin-left: 3px;
}

.c1:last-of-type {
  margin-right: 1px;
}

.c2 {
  color: #E5EAED;
  font-weight: 500;
  font-size: 0.7rem;
  -webkit-text-decoration: none;
  text-decoration: none;
  -webkit-transition: color 0.3s ease-out;
  transition: color 0.3s ease-out;
  margin-left: 3px;
}

@media only screen and (min-width:375px) {
  .c1:not(:first-of-type) {
    margin-left: 7px;
  }
}

@media only screen and (min-width:375px) {
  .c1:not(:last-of-type):after {
    margin-left: 5px;
  }
}

@media only screen and (min-width:375px) {
  .c1:last-of-type {
    margin-right: 3px;
  }
}

@media only screen and (min-width:375px) {
  .c1 {
    font-size: 0.8rem;
  }
}

@media only screen and (min-width:768px) {
  .c1 {
    font-size: 1rem;
  }
}

@media only screen and (min-width:375px) {
  .c2 {
    margin-left: 5px;
    font-size: 0.8rem;
  }
}

@media only screen and (min-width:768px) {
  .c2 {
    font-size: 1rem;
  }
}

<footer
  class="c0"
>
  <p
    class="c1"
  >
    REACT GALLERY
  </p>
  <p
    class="c1"
  >
    REPO ON
    <a
      class="c2"
      href="https://github.com/jdmiguel/react-gallery"
      target="_blank"
    >
      GITHUB
    </a>
  </p>
  <p
    class="c1"
  >
    BY
    <a
      class="c2"
      href="https://jdmiguel.netlify.app"
      target="_blank"
    >
      JDMIGUEL
    </a>
  </p>
</footer>
`;
